2026-02-26 11:45:07,399 INFO [SmartCar] Process log ready: C:\Users\Shagor\OneDrive\Desktop\Final Project\Smart Car - Blockchain for Vehicle Security\logs\processes\interactive.log
2026-02-26 11:45:07,607 INFO [SmartCarBlockchain] Genesis block: 1725053bbd4d3fe71d521c60118fd337...
2026-02-26 11:45:07,608 INFO [SmartCarBlockchain] SmartCar Blockchain initialized for vehicle: SMARTCAR_VIN_2024_BD_XYZ789 | consensus=POA_POP | validator=authority_node_1 | edge_enabled=True | storage_encryption=True
len 1
2026-02-26 11:46:41,868 INFO [SmartCar] Process log ready: C:\Users\Shagor\OneDrive\Desktop\Final Project\Smart Car - Blockchain for Vehicle Security\logs\processes\interactive.log
2026-02-26 11:46:42,046 INFO [SmartCarBlockchain] Genesis block: 178bdb3e09d338eb1c31333322e1872e...
2026-02-26 11:46:42,048 INFO [SmartCarBlockchain] SmartCar Blockchain initialized for vehicle: SMARTCAR_VIN_2024_BD_XYZ789 | consensus=POA_POP | validator=authority_node_1 | edge_enabled=True | storage_encryption=True
2026-02-26 11:46:42,214 INFO [SmartCarBlockchain] Authentication SUCCESS - car unlocked
2026-02-26 11:46:42,527 INFO [SmartCarBlockchain] Engine STARTED
chain_len 3
verify True
2026-02-26 11:46:54,238 INFO [SmartCar] Process log ready: C:\Users\Shagor\OneDrive\Desktop\Final Project\Smart Car - Blockchain for Vehicle Security\logs\processes\interactive.log
2026-02-26 11:46:54,410 INFO [SmartCarBlockchain] Genesis block: 310a45946b96564cf504f04086a80799...
2026-02-26 11:46:54,412 INFO [SmartCarBlockchain] SmartCar Blockchain initialized for vehicle: SMARTCAR_VIN_2024_BD_XYZ789 | consensus=POA_POP | validator=authority_node_1 | edge_enabled=True | storage_encryption=True
2026-02-26 11:46:54,574 INFO [SmartCarBlockchain] Authentication SUCCESS - car unlocked
2026-02-26 11:46:54,874 INFO [SmartCarBlockchain] Engine STARTED
privacy True
sp_valid True reason None limit 120
verify True
2026-02-26 11:47:07,069 INFO [SmartCar] Process log ready: C:\Users\Shagor\OneDrive\Desktop\Final Project\Smart Car - Blockchain for Vehicle Security\logs\processes\interactive.log
2026-02-26 11:47:07,240 INFO [SmartCarBlockchain] Genesis block: 56e7c8e2b11ba332862f497318380a17...
2026-02-26 11:47:07,242 INFO [SmartCarBlockchain] SmartCar Blockchain initialized for vehicle: SMARTCAR_VIN_2024_BD_XYZ789 | consensus=POA_POP | validator=authority_node_1 | edge_enabled=True | storage_encryption=True
limit 120
2026-02-26 11:47:07,410 INFO [SmartCarBlockchain] Authentication SUCCESS - car unlocked
2026-02-26 11:47:07,705 INFO [SmartCarBlockchain] Engine STARTED
input speed 150.0
stored speed 0.0
proof {'scheme': 'COMMITMENT_KNOWLEDGE_LEQ', 'valid': True, 'limit': 120, 'commit_speed': '19521106899922903395043004049318789160934724569922753496592741881963139204220779830044050626005143862661988472264331572279341334451821689306735766875641598705872972097637387299283673124347830099893650001114997925042252820344279510728359731485474412284437528297166818911596647619157704749438622800137012653322417627766882542523434004429212523503553683541555770406702232649965515019292876905822778255603099233647086657080263789389720309825296308365954580645918698472468651349923852962807665248240287233731589228661762927112591040518019754258901007178268686878983208811023129862260213933048999044458109744678227707381927', 'commit_diff': '18955312139960218884639957507803629130307565601474974734983181401048466559926030422728735823353436436227911125442938653991164184750110304996165209417046184526936691964241362914240315726816824451642629256430035434433216736072856697659830911809138122861634797239807230015751881066793220411801841785116358535189769603908323671784971917753991631959389859593334345559110897466340259836686187075171632264665737073349360232854208715212371759139545497021077402359490468880054275099166240656735406365055040675995397363289659481318944175206910775037184492574991384573241068198126348926172777002332311798460911902575880735633057', 'proof_speed': {'t': '19615417294374447892136358758672251036989583893836559134971123852957797621818462558474591211924161547070113054877671737608665468395598180912504409241900762089461063073565472420026073457134059116431755029354586079498599663325857043527867740972313718274707361696291082100737444846213100527570880358823898568902819077260259424920805323270577761128363310244042960687898732044310013078197929355136896653500367920417880196069763529850604766394559938848831099820257216194116487420771156943266301609198261542907503517000542259503381803555235078837100015277946624293657426520066328034071400114608550045208389039007122730932066', 's1': '5566521183438473911010266183068043946164645408269114813256896578900147882000850788300927960851177577426519787448708592234508757385694968272656687427827969580680682952457725269438445076114412419116413839665601529306080966868357053836311853966262965378286382713722895055417215414739411089196705578677544181387426429801447411430694155391091783483815867385391921464643172091506632069333547266614673369583695176368599395130129671602977569718341193917565680352957424988253549410214955649025023833838651027169393285928343085586537466101778144455089400946464580889099325784785878881943901287911512077271263082530774150044755', 's2': '28301882365906673805287124055724611300628789114742715750314810508595134809764965242867258217519761554978436976721038036144947220473815728855884197399046035310648061443707992907324732754056268166109266843212060506860463107342385065254947311839412539762909683775717076061472101767447324956458372633365624524790292308116938720834650849915704079416313463457436376823463488688374020421237609118074112240929060938449694264094185238956764360277601775935117430468242891388695046483945775647309207257599856026740949914912209705824977518905334786235359063815674628425870763564436045873594569875694419450477099734043441830241592'}, 'proof_diff': {'t': '8672220826837177646807411044421848446893775188176153676756963138722399752427783416669221541148953786046087886621747660734090522842340594840929863108183834196857630694023605691934598148934629527082201550279073517807304934618631708735969197401657019626964934238769396103740202185714739792707843472916777455921008532605991489351420854391838164837676430570020810001197976493893084024863543443844783093022530555660308726173879988811221966160102073624724788058114739676065457030314384255281226697701319332832217235494976200222292261197212396780799046247025486493067425958979438832575444842689413431286797751973709388704819', 's1': '17372526429074518302997985814069173828052435881128667749150165193819669911042746851776668006184456612188168794832817365567545690551566443858438866979394460993306275770491702210175476136868932932631973973737560513734118972628317917018460770821367267939475345102791279464594631737057274728542499839356061435789176405316358559880357443546583077401609534902513271938949552611847678279820318288749057674637313509001229241730137589855039303082661582036244264909428613901772211440590758901755425184797410018120386883407427775881316622571300073187657054559962863189117830693074782234515799524048486495688937100718761797903139', 's2': '11160705026770684290278661884696212421585213058012900312795282879865520764031463172365717035856072814249682329756606640061073774970415097032280447228880107189166061338654199681975693375859090412614385668410235648186034984496659750685073244390845334247353617483309309007539558661730728526037510609869549239285147684868330420595793585837152267398990729915688718837785867632761098377773514966589937736800346811829165038387052468833831266896328700214091277807014380147901439060606050067263025968743573068185461897918383385633923000281212019757831532485951843774831465242196248147127534922532452995907817601616860041535337'}, 'relation_blind': '12449409673570681712462405121712620162210454252697169252961609324106575824483422552768109459307364046042857101210865759971101537847393576307883837100020318685132030173522071978288693756609507569619334000976922927564352708254341730770515915026676407711293834655100126709171761765785583754885923703525082338950920923889197505969901172191862533478401853626877839482199686120324940157468887218672817093910838767789849766288905575098040731071996620290251408492409158431435853791831695356122883780237905905847711708369464824307130277099325376757516454233307153702894695819450827904112076278143048424878574340610233011029273'}
2026-02-26 11:47:25,751 INFO [SmartCar] Process log ready: C:\Users\Shagor\OneDrive\Desktop\Final Project\Smart Car - Blockchain for Vehicle Security\logs\processes\interactive.log
2026-02-26 11:47:25,924 INFO [SmartCarBlockchain] Genesis block: ff111dde8516c7675be660ed6a9354c1...
2026-02-26 11:47:25,926 INFO [SmartCarBlockchain] SmartCar Blockchain initialized for vehicle: SMARTCAR_VIN_2024_BD_XYZ789 | consensus=POA_POP | validator=authority_node_1 | edge_enabled=True | storage_encryption=True
2026-02-26 11:47:26,090 INFO [SmartCarBlockchain] Authentication SUCCESS - car unlocked
2026-02-26 11:47:26,388 INFO [SmartCarBlockchain] Engine STARTED
2026-02-26 11:47:26,521 ERROR [SmartCarBlockchain] Block 2 verification FAILED
verify1 False
2026-02-26 11:47:26,655 ERROR [SmartCarBlockchain] Block 2 verification FAILED
verify2 False
2026-06-04 20:23:49,269 INFO [SmartCar] Process log ready: E:\Final Project\Smart Car - Blockchain for Vehicle Security\logs\processes\interactive.log
2026-06-04 20:24:01,971 INFO [SmartCarBlockchain] Genesis block: 4a3a3231a3b6406f8454e9eb2b123369...
2026-06-04 20:24:01,972 INFO [SmartCarBlockchain] SmartCar Blockchain initialized for vehicle: SMARTCAR_TEST_GO | consensus=POA_POP | validator=authority_node_1 | edge_enabled=True | storage_encryption=True
PythonBackend 1 True
2026-06-04 20:24:02,128 INFO [SmartCarBlockchain] Authentication SUCCESS - car unlocked
{'success': True, 'reason': 'AUTHENTICATED'}
2026-06-04 20:24:02,439 INFO [SmartCarBlockchain] Engine STARTED
{'success': True}
3 True True True
2026-06-04 20:24:03,116 INFO [SmartCarBlockchain] Blockchain saved encrypted: 4 blocks -> logs/blockchain_gui_go_test.json [cipher=AES-256-GCM]
2026-06-04 20:24:10,761 INFO [SmartCar] Process log ready: E:\Final Project\Smart Car - Blockchain for Vehicle Security\logs\processes\interactive.log
Traceback (most recent call last):
  File "<stdin>", line 2, in <module>
  File "E:\Final Project\Smart Car - Blockchain for Vehicle Security\smartcar_backend.py", line 183, in create_backend
    return GoBackend(vehicle_id, password, auth_token, chain_file)
  File "E:\Final Project\Smart Car - Blockchain for Vehicle Security\smartcar_backend.py", line 54, in __init__
    self._ensure_service()
    ~~~~~~~~~~~~~~~~~~~~^^
  File "E:\Final Project\Smart Car - Blockchain for Vehicle Security\smartcar_backend.py", line 83, in _ensure_service
    raise RuntimeError("Go backend did not become ready on http://127.0.0.1:8787")
RuntimeError: Go backend did not become ready on http://127.0.0.1:8787
2026-06-04 20:25:17,329 INFO [SmartCar] Process log ready: E:\Final Project\Smart Car - Blockchain for Vehicle Security\logs\processes\interactive.log
GoBackend 1 True
{'message': 'Authentication successful', 'success': True}
{'message': 'Engine started', 'success': True}
4 True True True
2026-06-04 20:26:18,155 INFO [SmartCar] Process log ready: E:\Final Project\Smart Car - Blockchain for Vehicle Security\logs\processes\interactive.log
GoBackend 1 True
{'message': 'Authentication successful', 'success': True}
{'message': 'Engine started', 'success': True}
4 True True True
2026-06-04 20:27:03,929 INFO [SmartCar] Process log ready: E:\Final Project\Smart Car - Blockchain for Vehicle Security\logs\processes\interactive.log
GoBackend 1 True
4 True True True
