2026-06-05 16:51:09,748 INFO [SmartCar] Process log ready: E:\Final Project\Smart Car - Blockchain for Vehicle Security\logs\processes\run_latency_benchmarks.log
2026-06-05 16:51:09,921 INFO [SmartCarBlockchain] Genesis block: b5da2b08a32b0af9a305ea3f3ee34ed7...
2026-06-05 16:51:09,921 INFO [SmartCarBlockchain] SmartCar Blockchain initialized for vehicle: LATENCY_BENCH_7 | consensus=POA_POP | validator=authority_node_1 | edge_enabled=True | storage_encryption=True
{
  "artifacts": [
    "experiments\\reports\\latency_smoke\\latency_results.csv",
    "experiments\\reports\\latency_smoke\\latency_results.json",
    "experiments\\reports\\latency_smoke\\latency_report.md",
    "experiments\\reports\\latency_smoke\\latency_plot.png"
  ],
  "created_at": "2026-06-05T13:51:10.486932+00:00",
  "experiment": "latency",
  "iterations": 5,
  "measured_components": 7,
  "mode": "local",
  "rows": [
    {
      "cold_start_ms": 0.0019,
      "component": "security_capabilities",
      "iterations": 5,
      "max_ms": 0.001,
      "mean_ms": 0.00062,
      "min_ms": 0.0005,
      "mode": "local",
      "reason": "",
      "seed": 7,
      "status": "measured",
      "std_ms": 0.000194,
      "warm_start_p50_ms": 0.0005,
      "warm_start_p95_ms": 0.00092,
      "warm_start_p99_ms": 0.000984,
      "warmup": 1
    },
    {
      "cold_start_ms": 0.0084,
      "component": "identity_security",
      "iterations": 5,
      "max_ms": 0.0027,
      "mean_ms": 0.0017,
      "min_ms": 0.0013,
      "mode": "local",
      "reason": "",
      "seed": 7,
      "status": "measured",
      "std_ms": 0.000522,
      "warm_start_p50_ms": 0.0015,
      "warm_start_p95_ms": 0.0025,
      "warm_start_p99_ms": 0.00266,
      "warmup": 1
    },
    {
      "cold_start_ms": 0.001,
      "component": "consensus_security",
      "iterations": 5,
      "max_ms": 0.0004,
      "mean_ms": 0.00024,
      "min_ms": 0.0002,
      "mode": "local",
      "reason": "",
      "seed": 7,
      "status": "measured",
      "std_ms": 8e-05,
      "warm_start_p50_ms": 0.0002,
      "warm_start_p95_ms": 0.00036,
      "warm_start_p99_ms": 0.000392,
      "warmup": 1
    },
    {
      "cold_start_ms": 0.0009,
      "component": "pedersen_privacy",
      "iterations": 5,
      "max_ms": 0.0003,
      "mean_ms": 0.00018,
      "min_ms": 0.0001,
      "mode": "local",
      "reason": "",
      "seed": 7,
      "status": "measured",
      "std_ms": 7.5e-05,
      "warm_start_p50_ms": 0.0002,
      "warm_start_p95_ms": 0.00028,
      "warm_start_p99_ms": 0.000296,
      "warmup": 1
    },
    {
      "cold_start_ms": 0.0011,
      "component": "reviewer_audit",
      "iterations": 5,
      "max_ms": 0.0004,
      "mean_ms": 0.0002,
      "min_ms": 0.0001,
      "mode": "local",
      "reason": "",
      "seed": 7,
      "status": "measured",
      "std_ms": 0.00011,
      "warm_start_p50_ms": 0.0002,
      "warm_start_p95_ms": 0.00036,
      "warm_start_p99_ms": 0.000392,
      "warmup": 1
    },
    {
      "cold_start_ms": 0.0606,
      "component": "blockchain_append_validate",
      "iterations": 5,
      "max_ms": 300.7106,
      "mean_ms": 112.91578,
      "min_ms": 0.0205,
      "mode": "local",
      "reason": "",
      "seed": 7,
      "status": "measured",
      "std_ms": 110.8852,
      "warm_start_p50_ms": 131.5973,
      "warm_start_p95_ms": 267.01298,
      "warm_start_p99_ms": 293.971076,
      "warmup": 1
    },
    {
      "cold_start_ms": 0.0028,
      "component": "fl_validation",
      "iterations": 5,
      "max_ms": 0.0007,
      "mean_ms": 0.00042,
      "min_ms": 0.0003,
      "mode": "local",
      "reason": "",
      "seed": 7,
      "status": "measured",
      "std_ms": 0.00016,
      "warm_start_p50_ms": 0.0003,
      "warm_start_p95_ms": 0.00066,
      "warm_start_p99_ms": 0.000692,
      "warmup": 1
    }
  ],
  "seed": 7,
  "skipped_components": 0,
  "status": "measured_local_components",
  "warmup": 1
}
2026-06-05 16:51:37,581 INFO [SmartCar] Process log ready: E:\Final Project\Smart Car - Blockchain for Vehicle Security\logs\processes\run_latency_benchmarks.log
2026-06-05 16:51:37,752 INFO [SmartCarBlockchain] Genesis block: 4d09ce76b267fc0ea08f14431b315436...
2026-06-05 16:51:37,752 INFO [SmartCarBlockchain] SmartCar Blockchain initialized for vehicle: LATENCY_BENCH_7 | consensus=POA | validator=authority_node_1 | edge_enabled=False | storage_encryption=False
{
  "artifacts": [
    "experiments\\reports\\latency_smoke\\latency_results.csv",
    "experiments\\reports\\latency_smoke\\latency_results.json",
    "experiments\\reports\\latency_smoke\\latency_report.md",
    "experiments\\reports\\latency_smoke\\latency_plot.png"
  ],
  "created_at": "2026-06-05T13:51:42.530755+00:00",
  "experiment": "latency",
  "iterations": 5,
  "measured_components": 7,
  "mode": "local",
  "rows": [
    {
      "cold_start_ms": 0.0016,
      "component": "security_capabilities",
      "iterations": 5,
      "max_ms": 0.0008,
      "mean_ms": 0.00044,
      "min_ms": 0.0003,
      "mode": "local",
      "reason": "",
      "seed": 7,
      "status": "measured",
      "std_ms": 0.000196,
      "warm_start_p50_ms": 0.0003,
      "warm_start_p95_ms": 0.00074,
      "warm_start_p99_ms": 0.000788,
      "warmup": 1
    },
    {
      "cold_start_ms": 0.0095,
      "component": "identity_security",
      "iterations": 5,
      "max_ms": 0.0024,
      "mean_ms": 0.0017,
      "min_ms": 0.0013,
      "mode": "local",
      "reason": "",
      "seed": 7,
      "status": "measured",
      "std_ms": 0.000405,
      "warm_start_p50_ms": 0.0015,
      "warm_start_p95_ms": 0.0023,
      "warm_start_p99_ms": 0.00238,
      "warmup": 1
    },
    {
      "cold_start_ms": 0.0011,
      "component": "consensus_security",
      "iterations": 5,
      "max_ms": 0.0004,
      "mean_ms": 0.00028,
      "min_ms": 0.0002,
      "mode": "local",
      "reason": "",
      "seed": 7,
      "status": "measured",
      "std_ms": 7.5e-05,
      "warm_start_p50_ms": 0.0003,
      "warm_start_p95_ms": 0.00038,
      "warm_start_p99_ms": 0.000396,
      "warmup": 1
    },
    {
      "cold_start_ms": 0.0009,
      "component": "pedersen_privacy",
      "iterations": 5,
      "max_ms": 0.0003,
      "mean_ms": 0.0002,
      "min_ms": 0.0001,
      "mode": "local",
      "reason": "",
      "seed": 7,
      "status": "measured",
      "std_ms": 6.3e-05,
      "warm_start_p50_ms": 0.0002,
      "warm_start_p95_ms": 0.00028,
      "warm_start_p99_ms": 0.000296,
      "warmup": 1
    },
    {
      "cold_start_ms": 0.0011,
      "component": "reviewer_audit",
      "iterations": 5,
      "max_ms": 0.0002,
      "mean_ms": 0.00018,
      "min_ms": 0.0001,
      "mode": "local",
      "reason": "",
      "seed": 7,
      "status": "measured",
      "std_ms": 4e-05,
      "warm_start_p50_ms": 0.0002,
      "warm_start_p95_ms": 0.0002,
      "warm_start_p99_ms": 0.0002,
      "warmup": 1
    },
    {
      "cold_start_ms": 295.7526,
      "component": "blockchain_append_validate",
      "iterations": 5,
      "max_ms": 1100.1813,
      "mean_ms": 811.19054,
      "min_ms": 558.3535,
      "mode": "local",
      "reason": "",
      "seed": 7,
      "status": "measured",
      "std_ms": 190.812145,
      "warm_start_p50_ms": 790.9525,
      "warm_start_p95_ms": 1066.89442,
      "warm_start_p99_ms": 1093.523924,
      "warmup": 1
    },
    {
      "cold_start_ms": 0.003,
      "component": "fl_validation",
      "iterations": 5,
      "max_ms": 0.0008,
      "mean_ms": 0.00046,
      "min_ms": 0.0003,
      "mode": "local",
      "reason": "",
      "seed": 7,
      "status": "measured",
      "std_ms": 0.000185,
      "warm_start_p50_ms": 0.0004,
      "warm_start_p95_ms": 0.00074,
      "warm_start_p99_ms": 0.000788,
      "warmup": 1
    }
  ],
  "seed": 7,
  "skipped_components": 0,
  "status": "measured_local_components",
  "warmup": 1
}
2026-06-05 16:57:02,214 INFO [SmartCar] Process log ready: E:\Final Project\Smart Car - Blockchain for Vehicle Security\logs\processes\run_latency_benchmarks.log
2026-06-05 16:57:02,389 INFO [SmartCarBlockchain] Genesis block: a5cdd154f72238e43e360a5a78682202...
2026-06-05 16:57:02,389 INFO [SmartCarBlockchain] SmartCar Blockchain initialized for vehicle: LATENCY_BENCH_7 | consensus=POA | validator=authority_node_1 | edge_enabled=False | storage_encryption=False
{
  "artifacts": [
    "experiments\\reports\\latency_raw_smoke\\latency_results.csv",
    "experiments\\reports\\latency_raw_smoke\\latency_results.json",
    "experiments\\reports\\latency_raw_smoke\\latency_report.md",
    "experiments\\reports\\latency_raw_smoke\\latency_plot.png",
    "experiments\\reports\\latency_raw_smoke\\latency_raw_traces.csv",
    "experiments\\reports\\latency_raw_smoke\\latency_raw_traces.json"
  ],
  "created_at": "2026-06-05T13:57:07.195520+00:00",
  "experiment": "latency",
  "iterations": 5,
  "measured_components": 7,
  "mode": "local",
  "raw_trace_rows": 49,
  "raw_traces_exported": true,
  "rows": [
    {
      "cold_start_ms": 0.0019,
      "component": "security_capabilities",
      "iterations": 5,
      "max_ms": 0.0024,
      "mean_ms": 0.00082,
      "measured_iterations": 5,
      "min_ms": 0.0004,
      "mode": "local",
      "reason": "",
      "seed": 7,
      "status": "measured",
      "std_ms": 0.000791,
      "warm_start_p50_ms": 0.0004,
      "warm_start_p95_ms": 0.00202,
      "warm_start_p99_ms": 0.002324,
      "warmup": 1
    },
    {
      "cold_start_ms": 0.0088,
      "component": "identity_security",
      "iterations": 5,
      "max_ms": 0.0026,
      "mean_ms": 0.00182,
      "measured_iterations": 5,
      "min_ms": 0.0015,
      "mode": "local",
      "reason": "",
      "seed": 7,
      "status": "measured",
      "std_ms": 0.000417,
      "warm_start_p50_ms": 0.0016,
      "warm_start_p95_ms": 0.00246,
      "warm_start_p99_ms": 0.002572,
      "warmup": 1
    },
    {
      "cold_start_ms": 0.001,
      "component": "consensus_security",
      "iterations": 5,
      "max_ms": 0.0004,
      "mean_ms": 0.00034,
      "measured_iterations": 5,
      "min_ms": 0.0003,
      "mode": "local",
      "reason": "",
      "seed": 7,
      "status": "measured",
      "std_ms": 4.9e-05,
      "warm_start_p50_ms": 0.0003,
      "warm_start_p95_ms": 0.0004,
      "warm_start_p99_ms": 0.0004,
      "warmup": 1
    },
    {
      "cold_start_ms": 0.0009,
      "component": "pedersen_privacy",
      "iterations": 5,
      "max_ms": 0.0004,
      "mean_ms": 0.00024,
      "measured_iterations": 5,
      "min_ms": 0.0002,
      "mode": "local",
      "reason": "",
      "seed": 7,
      "status": "measured",
      "std_ms": 8e-05,
      "warm_start_p50_ms": 0.0002,
      "warm_start_p95_ms": 0.00036,
      "warm_start_p99_ms": 0.000392,
      "warmup": 1
    },
    {
      "cold_start_ms": 0.0011,
      "component": "reviewer_audit",
      "iterations": 5,
      "max_ms": 0.0003,
      "mean_ms": 0.00022,
      "measured_iterations": 5,
      "min_ms": 0.0002,
      "mode": "local",
      "reason": "",
      "seed": 7,
      "status": "measured",
      "std_ms": 4e-05,
      "warm_start_p50_ms": 0.0002,
      "warm_start_p95_ms": 0.00028,
      "warm_start_p99_ms": 0.000296,
      "warmup": 1
    },
    {
      "cold_start_ms": 303.8451,
      "component": "blockchain_append_validate",
      "iterations": 5,
      "max_ms": 1084.0945,
      "mean_ms": 813.45776,
      "measured_iterations": 5,
      "min_ms": 544.2623,
      "mode": "local",
      "reason": "",
      "seed": 7,
      "status": "measured",
      "std_ms": 191.326575,
      "warm_start_p50_ms": 802.9422,
      "warm_start_p95_ms": 1058.13888,
      "warm_start_p99_ms": 1078.903376,
      "warmup": 1
    },
    {
      "cold_start_ms": 0.0025,
      "component": "fl_validation",
      "iterations": 5,
      "max_ms": 0.0008,
      "mean_ms": 0.00046,
      "measured_iterations": 5,
      "min_ms": 0.0003,
      "mode": "local",
      "reason": "",
      "seed": 7,
      "status": "measured",
      "std_ms": 0.000174,
      "warm_start_p50_ms": 0.0004,
      "warm_start_p95_ms": 0.00072,
      "warm_start_p99_ms": 0.000784,
      "warmup": 1
    }
  ],
  "seed": 7,
  "skipped_components": 0,
  "status": "measured_local_components",
  "warmup": 1
}
2026-06-05 17:01:02,223 INFO [SmartCar] Process log ready: E:\Final Project\Smart Car - Blockchain for Vehicle Security\logs\processes\run_latency_benchmarks.log
2026-06-05 17:01:02,397 INFO [SmartCarBlockchain] Genesis block: 12b65d8c48ddbd30e0d82f5c1b763667...
2026-06-05 17:01:02,397 INFO [SmartCarBlockchain] SmartCar Blockchain initialized for vehicle: LATENCY_BENCH_7 | consensus=POA | validator=authority_node_1 | edge_enabled=False | storage_encryption=False
{
  "artifacts": [
    "experiments\\reports\\latency_profile_smoke\\latency_results.csv",
    "experiments\\reports\\latency_profile_smoke\\latency_results.json",
    "experiments\\reports\\latency_profile_smoke\\latency_report.md",
    "experiments\\reports\\latency_profile_smoke\\latency_plot.png",
    "experiments\\reports\\latency_profile_smoke\\latency_raw_traces.csv",
    "experiments\\reports\\latency_profile_smoke\\latency_raw_traces.json"
  ],
  "created_at": "2026-06-05T14:01:07.194364+00:00",
  "experiment": "latency",
  "iterations": 5,
  "measured_components": 7,
  "mode": "local",
  "raw_trace_rows": 49,
  "raw_traces_exported": true,
  "resource_profiling_reason": "psutil unavailable",
  "resource_profiling_requested": true,
  "resource_profiling_status": "skipped",
  "rows": [
    {
      "cold_start_ms": 0.0016,
      "component": "security_capabilities",
      "iterations": 5,
      "max_ms": 0.0006,
      "mean_ms": 0.0004,
      "measured_iterations": 5,
      "memory_delta_mb": null,
      "min_ms": 0.0003,
      "mode": "local",
      "process_cpu_percent_after": null,
      "process_cpu_percent_before": null,
      "reason": "",
      "resource_profiling_reason": "psutil unavailable",
      "resource_profiling_status": "skipped",
      "rss_mb_after": null,
      "rss_mb_before": null,
      "seed": 7,
      "status": "measured",
      "std_ms": 0.000126,
      "warm_start_p50_ms": 0.0003,
      "warm_start_p95_ms": 0.00058,
      "warm_start_p99_ms": 0.000596,
      "warmup": 1
    },
    {
      "cold_start_ms": 0.01,
      "component": "identity_security",
      "iterations": 5,
      "max_ms": 0.0031,
      "mean_ms": 0.0021,
      "measured_iterations": 5,
      "memory_delta_mb": null,
      "min_ms": 0.0017,
      "mode": "local",
      "process_cpu_percent_after": null,
      "process_cpu_percent_before": null,
      "reason": "",
      "resource_profiling_reason": "psutil unavailable",
      "resource_profiling_status": "skipped",
      "rss_mb_after": null,
      "rss_mb_before": null,
      "seed": 7,
      "status": "measured",
      "std_ms": 0.000518,
      "warm_start_p50_ms": 0.0018,
      "warm_start_p95_ms": 0.0029,
      "warm_start_p99_ms": 0.00306,
      "warmup": 1
    },
    {
      "cold_start_ms": 0.0011,
      "component": "consensus_security",
      "iterations": 5,
      "max_ms": 0.0004,
      "mean_ms": 0.00028,
      "measured_iterations": 5,
      "memory_delta_mb": null,
      "min_ms": 0.0002,
      "mode": "local",
      "process_cpu_percent_after": null,
      "process_cpu_percent_before": null,
      "reason": "",
      "resource_profiling_reason": "psutil unavailable",
      "resource_profiling_status": "skipped",
      "rss_mb_after": null,
      "rss_mb_before": null,
      "seed": 7,
      "status": "measured",
      "std_ms": 7.5e-05,
      "warm_start_p50_ms": 0.0003,
      "warm_start_p95_ms": 0.00038,
      "warm_start_p99_ms": 0.000396,
      "warmup": 1
    },
    {
      "cold_start_ms": 0.001,
      "component": "pedersen_privacy",
      "iterations": 5,
      "max_ms": 0.0003,
      "mean_ms": 0.00018,
      "measured_iterations": 5,
      "memory_delta_mb": null,
      "min_ms": 0.0001,
      "mode": "local",
      "process_cpu_percent_after": null,
      "process_cpu_percent_before": null,
      "reason": "",
      "resource_profiling_reason": "psutil unavailable",
      "resource_profiling_status": "skipped",
      "rss_mb_after": null,
      "rss_mb_before": null,
      "seed": 7,
      "status": "measured",
      "std_ms": 7.5e-05,
      "warm_start_p50_ms": 0.0002,
      "warm_start_p95_ms": 0.00028,
      "warm_start_p99_ms": 0.000296,
      "warmup": 1
    },
    {
      "cold_start_ms": 0.0011,
      "component": "reviewer_audit",
      "iterations": 5,
      "max_ms": 0.0002,
      "mean_ms": 0.0002,
      "measured_iterations": 5,
      "memory_delta_mb": null,
      "min_ms": 0.0002,
      "mode": "local",
      "process_cpu_percent_after": null,
      "process_cpu_percent_before": null,
      "reason": "",
      "resource_profiling_reason": "psutil unavailable",
      "resource_profiling_status": "skipped",
      "rss_mb_after": null,
      "rss_mb_before": null,
      "seed": 7,
      "status": "measured",
      "std_ms": 0.0,
      "warm_start_p50_ms": 0.0002,
      "warm_start_p95_ms": 0.0002,
      "warm_start_p99_ms": 0.0002,
      "warmup": 1
    },
    {
      "cold_start_ms": 297.9069,
      "component": "blockchain_append_validate",
      "iterations": 5,
      "max_ms": 1067.377,
      "mean_ms": 814.26474,
      "measured_iterations": 5,
      "memory_delta_mb": null,
      "min_ms": 564.2093,
      "mode": "local",
      "process_cpu_percent_after": null,
      "process_cpu_percent_before": null,
      "reason": "",
      "resource_profiling_reason": "psutil unavailable",
      "resource_profiling_status": "skipped",
      "rss_mb_after": null,
      "rss_mb_before": null,
      "seed": 7,
      "status": "measured",
      "std_ms": 177.445299,
      "warm_start_p50_ms": 804.7759,
      "warm_start_p95_ms": 1042.18884,
      "warm_start_p99_ms": 1062.339368,
      "warmup": 1
    },
    {
      "cold_start_ms": 0.0027,
      "component": "fl_validation",
      "iterations": 5,
      "max_ms": 0.0008,
      "mean_ms": 0.00046,
      "measured_iterations": 5,
      "memory_delta_mb": null,
      "min_ms": 0.0003,
      "mode": "local",
      "process_cpu_percent_after": null,
      "process_cpu_percent_before": null,
      "reason": "",
      "resource_profiling_reason": "psutil unavailable",
      "resource_profiling_status": "skipped",
      "rss_mb_after": null,
      "rss_mb_before": null,
      "seed": 7,
      "status": "measured",
      "std_ms": 0.000185,
      "warm_start_p50_ms": 0.0004,
      "warm_start_p95_ms": 0.00074,
      "warm_start_p99_ms": 0.000788,
      "warmup": 1
    }
  ],
  "seed": 7,
  "skipped_components": 0,
  "status": "measured_local_components",
  "warmup": 1
}
